// Vitest Snapshot v1, https://vitest.dev/guide/snapshot.html

exports[`Renders Footer.jsx correctly 1`] = `<div />`;
