// Vitest Snapshot v1, https://vitest.dev/guide/snapshot.html

exports[`Renders LoadingScreen.jsx correctly 1`] = `
<div>
  <div
    class="sc-blHHSb jJJtUO"
  >
    <div
      class="loader"
    />
  </div>
</div>
`;
